C51 COMPILER V7.50   TEXT1                                                                 01/04/2014 19:50:35 PAGE 1   


C51 COMPILER V7.50, COMPILATION OF MODULE TEXT1
OBJECT MODULE PLACED IN Text1.OBJ
COMPILER INVOKED BY: D:\Keil\C51\BIN\C51.EXE Text1.C BROWSE DEBUG OBJECTEXTEND

line level    source

   1          #include<reg52.h>
   2          #include <absacc.h>
   3          #define RAM   XBYTE[0x0000] 
   4          #define CS0             XBYTE[0xf8ff]//74HC245
   5          #define CS1             XBYTE[0xf9ff]//74HC245
   6          #define CS2             XBYTE[0xfaff]//74HC573
   7          #define CS3             XBYTE[0xfbff]//74HC573
   8          #define CS4             XBYTE[0xfcff]//ADC0809
   9          #define CS5             XBYTE[0xfdff]//ADC0832
  10          #define CS6             XBYTE[0xfeff]
  11          #define CS7             XBYTE[0xffff]
  12          #define CS_ADC0809      CS4
  13          #define CS_DAC0832      CS5
  14          #define uchar           unsigned char
  15          #define uint            unsigned  int
  16          
  17          int pl=&RAM;
  18          uchar ADDR=0;
  19          sbit EOC=P1^0;
  20          sbit E=P1^3;
  21          sbit F=P1^4;
  22          sbit G=P1^5;
  23          uchar idata DATA;
  24          ///////////////////////////////////////////////////////
  25          void delay(uint i)
  26          {
  27   1       while(i--);
  28   1      }
  29          
  30          ///////////////////////////////////////////////////////
  31          void main()
  32          {
  33   1      
  34   1              TMOD=0X10;
  35   1              TH1=0XFF;
  36   1              TL1=0X00;
  37   1              //EA=1;
  38   1              ET1=1;//timer0
  39   1              TR1=1;
  40   1              //EOC=0;
  41   1      
  42   1              while(1)
  43   1              {
  44   2                      //if(ADDR<0XFF)
  45   2              {
  46   3                      DATA=0X00;
  47   3                  CS_ADC0809=0x00;
  48   3              delay(2);
  49   3              while(EOC!=1);
  50   3                      G=0;
  51   3              delay(8);
  52   3                      DATA=CS_ADC0809;
  53   3                      *(XBYTE+ADDR)=DATA;
  54   3                      ADDR++;                                         
  55   3              }
C51 COMPILER V7.50   TEXT1                                                                 01/04/2014 19:50:35 PAGE 2   

  56   2              }
  57   1      }
  58          ///////////////////////////////////////////////////////


MODULE INFORMATION:   STATIC OVERLAYABLE
   CODE SIZE        =     69    ----
   CONSTANT SIZE    =   ----    ----
   XDATA SIZE       =   ----    ----
   PDATA SIZE       =   ----    ----
   DATA SIZE        =      3    ----
   IDATA SIZE       =      1    ----
   BIT SIZE         =   ----    ----
END OF MODULE INFORMATION.


C51 COMPILATION COMPLETE.  0 WARNING(S),  0 ERROR(S)
